// Jest Snapshot v1, https://goo.gl/fbAQLP

exports[`InputBox should render correctly 1`] = `ShallowWrapper {}`;
